2025-05-12 00:48:55,157 - setup - INFO - Criando diretórios em data
2025-05-12 00:48:55,157 - setup - INFO - Criando diretório: data/pipelines
2025-05-12 00:48:55,158 - setup - INFO - Criando diretório: data/web_content
2025-05-12 00:48:55,158 - setup - INFO - Criando diretório: data/pdf_content
2025-05-12 00:48:55,158 - setup - INFO - Criando diretório: data/github_content
2025-05-12 00:48:55,158 - setup - INFO - Criando diretório: data/youtube_content
2025-05-12 00:48:55,158 - setup - INFO - Criando diretório: data/processed
2025-05-12 00:48:55,159 - setup - INFO - Criando diretório: data/approved
2025-05-12 00:48:55,159 - setup - INFO - Criando diretório: logs
2025-05-12 00:48:55,159 - setup - INFO - Diretórios criados com sucesso
2025-05-12 00:48:55,159 - setup - INFO - Verificando dependências
2025-05-12 00:48:55,200 - setup - INFO - ✓ pydantic instalado
2025-05-12 00:48:55,294 - setup - INFO - ✓ requests instalado
2025-05-12 00:48:55,294 - setup - WARNING - ✗ beautifulsoup4 não encontrado
2025-05-12 00:48:57,184 - setup - INFO - ✓ nltk instalado
2025-05-12 00:49:00,578 - setup - INFO - ✓ spacy instalado
2025-05-12 00:49:00,578 - setup - WARNING - ✗ scikit-learn não encontrado
2025-05-12 00:49:00,621 - setup - INFO - ✓ PyPDF2 instalado
2025-05-12 00:49:00,623 - setup - INFO - ✓ pdfminer.six instalado
2025-05-12 00:49:00,624 - setup - WARNING - ✗ PyMuPDF não encontrado
2025-05-12 00:49:00,624 - setup - WARNING - ✗ GitPython não encontrado
2025-05-12 00:49:02,516 - setup - INFO - ✓ gradio instalado
2025-05-12 00:49:02,517 - setup - INFO - Instalando 4 dependências
2025-05-12 00:49:02,517 - setup - INFO - Instalando beautifulsoup4...
2025-05-12 00:49:03,570 - setup - INFO - ✓ beautifulsoup4 instalado com sucesso
2025-05-12 00:49:03,570 - setup - INFO - Instalando scikit-learn...
2025-05-12 00:49:04,722 - setup - INFO - ✓ scikit-learn instalado com sucesso
2025-05-12 00:49:04,722 - setup - INFO - Instalando PyMuPDF...
2025-05-12 00:49:05,808 - setup - INFO - ✓ PyMuPDF instalado com sucesso
2025-05-12 00:49:05,808 - setup - INFO - Instalando GitPython...
2025-05-12 00:49:06,849 - setup - INFO - ✓ GitPython instalado com sucesso
2025-05-12 00:49:06,849 - setup - INFO - Baixando dados do NLTK
2025-05-12 00:49:07,060 - setup - INFO - ✓ Dados do NLTK baixados com sucesso
2025-05-12 00:49:07,060 - setup - INFO - Baixando modelos do spaCy
2025-05-12 00:49:07,060 - setup - INFO - Baixando modelo pt_core_news_sm...
2025-05-12 00:49:14,660 - setup - INFO - ✓ Modelo pt_core_news_sm pronto
2025-05-12 00:49:14,660 - setup - INFO - Baixando modelo en_core_web_sm...
2025-05-12 00:49:21,857 - setup - INFO - ✓ Modelo en_core_web_sm pronto
2025-05-12 00:49:21,857 - setup - INFO - Verificando arquivos de exemplo
2025-05-12 00:49:21,857 - setup - INFO - ✓ Arquivo examples/simple_pipeline.py encontrado
2025-05-12 00:49:21,857 - setup - INFO - ✓ Arquivo examples/multi_source_pipeline.py encontrado
2025-05-12 00:49:21,857 - setup - INFO - ✓ Arquivo examples/sources_example.json encontrado
